2026-05-12 08:01:25 [2@p3plmcpnl508595.prod.phx3.secureserver.net]
Un correo electrónico para jperez@trantortechnologies.mx se agregó a notificaciones pendientes: [GLPI #0000001] Nueva tarea Ticket de prueba uno
2026-05-12 08:01:25 [2@p3plmcpnl508595.prod.phx3.secureserver.net]
Un correo electrónico para jperez@trantortechnologies.mx se agregó a notificaciones pendientes: [GLPI #0000001] Nuevo ticket Ticket de prueba uno
2026-05-12 08:01:25 [2@p3plmcpnl508595.prod.phx3.secureserver.net]
Un correo electrónico para juancarlos@staff.trantortechnologies.mx se agregó a notificaciones pendientes: [GLPI #0000001] Nuevo ticket Ticket de prueba uno
2026-05-12 08:02:04 [@p3plmcpnl508595.prod.phx3.secureserver.net]
Correo de seguimiento enviado a jperez@trantortechnologies.mx: [GLPI #0000001] Nueva tarea Ticket de prueba uno
2026-05-12 08:02:05 [@p3plmcpnl508595.prod.phx3.secureserver.net]
Correo de seguimiento enviado a jperez@trantortechnologies.mx: [GLPI #0000001] Nuevo ticket Ticket de prueba uno
2026-05-12 08:02:06 [@p3plmcpnl508595.prod.phx3.secureserver.net]
Correo de seguimiento enviado a juancarlos@staff.trantortechnologies.mx: [GLPI #0000001] Nuevo ticket Ticket de prueba uno
2026-05-12 08:14:34 [2@p3plmcpnl508595.prod.phx3.secureserver.net]
Un correo electrónico para jperez@trantortechnologies.mx se agregó a notificaciones pendientes: [GLPI #0000002] Nueva tarea POP MEDIA DPORTENIS T094 3094 MAZ TDS GRAN PLAZA SINALOA INSTALACION DE MONITOR TOUCH (31468)
2026-05-12 08:14:34 [2@p3plmcpnl508595.prod.phx3.secureserver.net]
Un correo electrónico para jperez@trantortechnologies.mx se agregó a notificaciones pendientes: [GLPI #0000002] Nuevo ticket POP MEDIA DPORTENIS T094 3094 MAZ TDS GRAN PLAZA SINALOA INSTALACION DE MONITOR TOUCH (31468)
2026-05-12 08:14:34 [2@p3plmcpnl508595.prod.phx3.secureserver.net]
Un correo electrónico para juancarlos@staff.trantortechnologies.mx se agregó a notificaciones pendientes: [GLPI #0000002] Nuevo ticket POP MEDIA DPORTENIS T094 3094 MAZ TDS GRAN PLAZA SINALOA INSTALACION DE MONITOR TOUCH (31468)
2026-05-12 08:15:04 [@p3plmcpnl508595.prod.phx3.secureserver.net]
Correo de seguimiento enviado a jperez@trantortechnologies.mx: [GLPI #0000002] Nueva tarea POP MEDIA DPORTENIS T094 3094 MAZ TDS GRAN PLAZA SINALOA INSTALACION DE MONITOR TOUCH (31468)
2026-05-12 08:15:05 [@p3plmcpnl508595.prod.phx3.secureserver.net]
Correo de seguimiento enviado a jperez@trantortechnologies.mx: [GLPI #0000002] Nuevo ticket POP MEDIA DPORTENIS T094 3094 MAZ TDS GRAN PLAZA SINALOA INSTALACION DE MONITOR TOUCH (31468)
2026-05-12 08:15:06 [@p3plmcpnl508595.prod.phx3.secureserver.net]
Correo de seguimiento enviado a juancarlos@staff.trantortechnologies.mx: [GLPI #0000002] Nuevo ticket POP MEDIA DPORTENIS T094 3094 MAZ TDS GRAN PLAZA SINALOA INSTALACION DE MONITOR TOUCH (31468)
2026-05-12 08:19:05 [2@p3plmcpnl508595.prod.phx3.secureserver.net]
Un correo electrónico para jperez@trantortechnologies.mx se agregó a notificaciones pendientes: [GLPI #0000002] Nuevo seguimiento POP MEDIA DPORTENIS T094 3094 MAZ TDS GRAN PLAZA SINALOA INSTALACION DE MONITOR TOUCH (31468)
2026-05-12 08:19:05 [2@p3plmcpnl508595.prod.phx3.secureserver.net]
Un correo electrónico para juancarlos@staff.trantortechnologies.mx se agregó a notificaciones pendientes: [GLPI #0000002] Nuevo seguimiento POP MEDIA DPORTENIS T094 3094 MAZ TDS GRAN PLAZA SINALOA INSTALACION DE MONITOR TOUCH (31468)
2026-05-12 08:20:04 [@p3plmcpnl508595.prod.phx3.secureserver.net]
Correo de seguimiento enviado a jperez@trantortechnologies.mx: [GLPI #0000002] Nuevo seguimiento POP MEDIA DPORTENIS T094 3094 MAZ TDS GRAN PLAZA SINALOA INSTALACION DE MONITOR TOUCH (31468)
2026-05-12 08:20:05 [@p3plmcpnl508595.prod.phx3.secureserver.net]
Correo de seguimiento enviado a juancarlos@staff.trantortechnologies.mx: [GLPI #0000002] Nuevo seguimiento POP MEDIA DPORTENIS T094 3094 MAZ TDS GRAN PLAZA SINALOA INSTALACION DE MONITOR TOUCH (31468)
2026-05-12 08:24:23 [2@p3plmcpnl508595.prod.phx3.secureserver.net]
Un correo electrónico para jperez@trantortechnologies.mx se agregó a notificaciones pendientes: [GLPI #0000002] Nuevo seguimiento POP MEDIA DPORTENIS T094 3094 MAZ TDS GRAN PLAZA SINALOA INSTALACION DE MONITOR TOUCH (31468)
2026-05-12 08:24:23 [2@p3plmcpnl508595.prod.phx3.secureserver.net]
Un correo electrónico para juancarlos@staff.trantortechnologies.mx se agregó a notificaciones pendientes: [GLPI #0000002] Nuevo seguimiento POP MEDIA DPORTENIS T094 3094 MAZ TDS GRAN PLAZA SINALOA INSTALACION DE MONITOR TOUCH (31468)
2026-05-12 08:25:04 [@p3plmcpnl508595.prod.phx3.secureserver.net]
Correo de seguimiento enviado a jperez@trantortechnologies.mx: [GLPI #0000002] Nuevo seguimiento POP MEDIA DPORTENIS T094 3094 MAZ TDS GRAN PLAZA SINALOA INSTALACION DE MONITOR TOUCH (31468)
2026-05-12 08:25:05 [@p3plmcpnl508595.prod.phx3.secureserver.net]
Correo de seguimiento enviado a juancarlos@staff.trantortechnologies.mx: [GLPI #0000002] Nuevo seguimiento POP MEDIA DPORTENIS T094 3094 MAZ TDS GRAN PLAZA SINALOA INSTALACION DE MONITOR TOUCH (31468)
2026-05-12 08:27:33 [2@p3plmcpnl508595.prod.phx3.secureserver.net]
Un correo electrónico para jperez@trantortechnologies.mx se agregó a notificaciones pendientes: [GLPI #0000002] Nuevo seguimiento POP MEDIA DPORTENIS T094 3094 MAZ TDS GRAN PLAZA SINALOA INSTALACION DE MONITOR TOUCH (31468)
2026-05-12 08:27:34 [2@p3plmcpnl508595.prod.phx3.secureserver.net]
Un correo electrónico para juancarlos@staff.trantortechnologies.mx se agregó a notificaciones pendientes: [GLPI #0000002] Nuevo seguimiento POP MEDIA DPORTENIS T094 3094 MAZ TDS GRAN PLAZA SINALOA INSTALACION DE MONITOR TOUCH (31468)
2026-05-12 08:28:04 [@p3plmcpnl508595.prod.phx3.secureserver.net]
Correo de seguimiento enviado a jperez@trantortechnologies.mx: [GLPI #0000002] Nuevo seguimiento POP MEDIA DPORTENIS T094 3094 MAZ TDS GRAN PLAZA SINALOA INSTALACION DE MONITOR TOUCH (31468)
2026-05-12 08:28:05 [@p3plmcpnl508595.prod.phx3.secureserver.net]
Correo de seguimiento enviado a juancarlos@staff.trantortechnologies.mx: [GLPI #0000002] Nuevo seguimiento POP MEDIA DPORTENIS T094 3094 MAZ TDS GRAN PLAZA SINALOA INSTALACION DE MONITOR TOUCH (31468)
2026-05-12 08:28:19 [2@p3plmcpnl508595.prod.phx3.secureserver.net]
Un correo electrónico para jperez@trantortechnologies.mx se agregó a notificaciones pendientes: [GLPI #0000002] Nuevo seguimiento POP MEDIA DPORTENIS T094 3094 MAZ TDS GRAN PLAZA SINALOA INSTALACION DE MONITOR TOUCH (31468)
2026-05-12 08:28:19 [2@p3plmcpnl508595.prod.phx3.secureserver.net]
Un correo electrónico para juancarlos@staff.trantortechnologies.mx se agregó a notificaciones pendientes: [GLPI #0000002] Nuevo seguimiento POP MEDIA DPORTENIS T094 3094 MAZ TDS GRAN PLAZA SINALOA INSTALACION DE MONITOR TOUCH (31468)
2026-05-12 08:29:03 [@p3plmcpnl508595.prod.phx3.secureserver.net]
Correo de seguimiento enviado a jperez@trantortechnologies.mx: [GLPI #0000002] Nuevo seguimiento POP MEDIA DPORTENIS T094 3094 MAZ TDS GRAN PLAZA SINALOA INSTALACION DE MONITOR TOUCH (31468)
2026-05-12 08:29:04 [@p3plmcpnl508595.prod.phx3.secureserver.net]
Correo de seguimiento enviado a juancarlos@staff.trantortechnologies.mx: [GLPI #0000002] Nuevo seguimiento POP MEDIA DPORTENIS T094 3094 MAZ TDS GRAN PLAZA SINALOA INSTALACION DE MONITOR TOUCH (31468)
2026-05-12 08:36:00 [2@p3plmcpnl508595.prod.phx3.secureserver.net]
Un correo electrónico para jperez@trantortechnologies.mx se agregó a notificaciones pendientes: [GLPI #0000002] Ticket resuelto POP MEDIA DPORTENIS T094 3094 MAZ TDS GRAN PLAZA SINALOA INSTALACION DE MONITOR TOUCH (31468)
2026-05-12 08:36:00 [2@p3plmcpnl508595.prod.phx3.secureserver.net]
Un correo electrónico para juancarlos@staff.trantortechnologies.mx se agregó a notificaciones pendientes: [GLPI #0000002] Ticket resuelto POP MEDIA DPORTENIS T094 3094 MAZ TDS GRAN PLAZA SINALOA INSTALACION DE MONITOR TOUCH (31468)
2026-05-12 08:36:03 [@p3plmcpnl508595.prod.phx3.secureserver.net]
Correo de seguimiento enviado a jperez@trantortechnologies.mx: [GLPI #0000002] Ticket resuelto POP MEDIA DPORTENIS T094 3094 MAZ TDS GRAN PLAZA SINALOA INSTALACION DE MONITOR TOUCH (31468)
2026-05-12 08:36:04 [@p3plmcpnl508595.prod.phx3.secureserver.net]
Correo de seguimiento enviado a juancarlos@staff.trantortechnologies.mx: [GLPI #0000002] Ticket resuelto POP MEDIA DPORTENIS T094 3094 MAZ TDS GRAN PLAZA SINALOA INSTALACION DE MONITOR TOUCH (31468)
2026-05-12 08:43:14 [2@p3plmcpnl508595.prod.phx3.secureserver.net]
Un correo electrónico para jperez@trantortechnologies.mx se agregó a notificaciones pendientes: [GLPI #0000003] Nuevo ticket No se logra resolver el EMAIL
2026-05-12 08:43:14 [2@p3plmcpnl508595.prod.phx3.secureserver.net]
Un correo electrónico para juancarlos@staff.trantortechnologies.mx se agregó a notificaciones pendientes: [GLPI #0000003] Nuevo ticket No se logra resolver el EMAIL
2026-05-12 08:44:03 [@p3plmcpnl508595.prod.phx3.secureserver.net]
Correo de seguimiento enviado a jperez@trantortechnologies.mx: [GLPI #0000003] Nuevo ticket No se logra resolver el EMAIL
2026-05-12 08:44:04 [@p3plmcpnl508595.prod.phx3.secureserver.net]
Correo de seguimiento enviado a juancarlos@staff.trantortechnologies.mx: [GLPI #0000003] Nuevo ticket No se logra resolver el EMAIL
2026-05-12 08:48:34 [2@p3plmcpnl508595.prod.phx3.secureserver.net]
Un correo electrónico para jperez@trantortechnologies.mx se agregó a notificaciones pendientes: [GLPI #0000004] Nuevo ticket Error 405 en impresora
2026-05-12 08:48:34 [2@p3plmcpnl508595.prod.phx3.secureserver.net]
Un correo electrónico para juancarlos@staff.trantortechnologies.mx se agregó a notificaciones pendientes: [GLPI #0000004] Nuevo ticket Error 405 en impresora
2026-05-12 08:49:04 [@p3plmcpnl508595.prod.phx3.secureserver.net]
Correo de seguimiento enviado a jperez@trantortechnologies.mx: [GLPI #0000004] Nuevo ticket Error 405 en impresora
2026-05-12 08:49:04 [@p3plmcpnl508595.prod.phx3.secureserver.net]
Correo de seguimiento enviado a juancarlos@staff.trantortechnologies.mx: [GLPI #0000004] Nuevo ticket Error 405 en impresora
2026-05-12 23:01:37 [2@p3plmcpnl508595.prod.phx3.secureserver.net]
Un correo electrónico para jperez@trantortechnologies.mx se agregó a notificaciones pendientes: [GLPI #0000005] Nueva tarea test
2026-05-12 23:01:37 [2@p3plmcpnl508595.prod.phx3.secureserver.net]
Un correo electrónico para jperez@trantortechnologies.mx se agregó a notificaciones pendientes: [GLPI #0000005] Nuevo ticket test
2026-05-12 23:01:37 [2@p3plmcpnl508595.prod.phx3.secureserver.net]
Un correo electrónico para juancarlos@staff.trantortechnologies.mx se agregó a notificaciones pendientes: [GLPI #0000005] Nuevo ticket test
2026-05-12 23:02:03 [@p3plmcpnl508595.prod.phx3.secureserver.net]
Correo de seguimiento enviado a jperez@trantortechnologies.mx: [GLPI #0000005] Nueva tarea test
2026-05-12 23:02:04 [@p3plmcpnl508595.prod.phx3.secureserver.net]
Correo de seguimiento enviado a jperez@trantortechnologies.mx: [GLPI #0000005] Nuevo ticket test
2026-05-12 23:02:04 [@p3plmcpnl508595.prod.phx3.secureserver.net]
Correo de seguimiento enviado a juancarlos@staff.trantortechnologies.mx: [GLPI #0000005] Nuevo ticket test
2026-05-12 23:04:19 [2@p3plmcpnl508595.prod.phx3.secureserver.net]
Un correo electrónico para jperez@trantortechnologies.mx se agregó a notificaciones pendientes: [GLPI] Nuevo proyecto Actinver Casa de Bolsa ACTINVER
2026-05-12 23:04:19 [2@p3plmcpnl508595.prod.phx3.secureserver.net]
Un correo electrónico para juancarlos@ibrastudio.mx se agregó a notificaciones pendientes: [GLPI] Nuevo proyecto Actinver Casa de Bolsa ACTINVER
2026-05-12 23:05:03 [@p3plmcpnl508595.prod.phx3.secureserver.net]
Correo de seguimiento enviado a jperez@trantortechnologies.mx: [GLPI] Nuevo proyecto Actinver Casa de Bolsa ACTINVER
2026-05-12 23:05:04 [@p3plmcpnl508595.prod.phx3.secureserver.net]
Correo de seguimiento enviado a juancarlos@ibrastudio.mx: [GLPI] Nuevo proyecto Actinver Casa de Bolsa ACTINVER
2026-05-12 23:19:33 [2@p3plmcpnl508595.prod.phx3.secureserver.net]
Un correo electrónico para jperez@trantortechnologies.mx se agregó a notificaciones pendientes: [GLPI #0000005] Nuevo seguimiento test
2026-05-12 23:19:33 [2@p3plmcpnl508595.prod.phx3.secureserver.net]
Un correo electrónico para juancarlos@staff.trantortechnologies.mx se agregó a notificaciones pendientes: [GLPI #0000005] Nuevo seguimiento test
2026-05-12 23:20:04 [@p3plmcpnl508595.prod.phx3.secureserver.net]
Correo de seguimiento enviado a jperez@trantortechnologies.mx: [GLPI #0000005] Nuevo seguimiento test
2026-05-12 23:20:05 [@p3plmcpnl508595.prod.phx3.secureserver.net]
Correo de seguimiento enviado a juancarlos@staff.trantortechnologies.mx: [GLPI #0000005] Nuevo seguimiento test
2026-05-14 17:53:40 [2@p3plmcpnl508595.prod.phx3.secureserver.net]
Un correo electrónico para jperez@trantortechnologies.mx se agregó a notificaciones pendientes: [GLPI #0000006] Nuevo ticket Test
2026-05-14 17:53:40 [2@p3plmcpnl508595.prod.phx3.secureserver.net]
Un correo electrónico para juancarlos@staff.trantortechnologies.mx se agregó a notificaciones pendientes: [GLPI #0000006] Nuevo ticket Test
2026-05-14 17:54:03 [@p3plmcpnl508595.prod.phx3.secureserver.net]
Correo de seguimiento enviado a jperez@trantortechnologies.mx: [GLPI #0000006] Nuevo ticket Test
2026-05-14 17:54:03 [@p3plmcpnl508595.prod.phx3.secureserver.net]
Correo de seguimiento enviado a juancarlos@staff.trantortechnologies.mx: [GLPI #0000006] Nuevo ticket Test
2026-05-14 17:54:45 [2@p3plmcpnl508595.prod.phx3.secureserver.net]
Un correo electrónico para jperez@trantortechnologies.mx se agregó a notificaciones pendientes: [GLPI #0000007] Nueva tarea TEST DOS
2026-05-14 17:54:45 [2@p3plmcpnl508595.prod.phx3.secureserver.net]
Un correo electrónico para jperez@trantortechnologies.mx se agregó a notificaciones pendientes: [GLPI #0000007] Nuevo ticket TEST DOS
2026-05-14 17:54:45 [2@p3plmcpnl508595.prod.phx3.secureserver.net]
Un correo electrónico para juancarlos@staff.trantortechnologies.mx se agregó a notificaciones pendientes: [GLPI #0000007] Nuevo ticket TEST DOS
2026-05-14 17:55:03 [@p3plmcpnl508595.prod.phx3.secureserver.net]
Correo de seguimiento enviado a jperez@trantortechnologies.mx: [GLPI #0000007] Nueva tarea TEST DOS
2026-05-14 17:55:03 [@p3plmcpnl508595.prod.phx3.secureserver.net]
Correo de seguimiento enviado a jperez@trantortechnologies.mx: [GLPI #0000007] Nuevo ticket TEST DOS
2026-05-14 17:55:03 [@p3plmcpnl508595.prod.phx3.secureserver.net]
Correo de seguimiento enviado a juancarlos@staff.trantortechnologies.mx: [GLPI #0000007] Nuevo ticket TEST DOS
2026-05-14 17:57:09 [2@p3plmcpnl508595.prod.phx3.secureserver.net]
Un correo electrónico para jperez@trantortechnologies.mx se agregó a notificaciones pendientes: [GLPI #0000005] Ticket resuelto test
2026-05-14 17:57:09 [2@p3plmcpnl508595.prod.phx3.secureserver.net]
Un correo electrónico para juancarlos@staff.trantortechnologies.mx se agregó a notificaciones pendientes: [GLPI #0000005] Ticket resuelto test
2026-05-14 17:58:03 [@p3plmcpnl508595.prod.phx3.secureserver.net]
Correo de seguimiento enviado a jperez@trantortechnologies.mx: [GLPI #0000005] Ticket resuelto test
2026-05-14 17:58:03 [@p3plmcpnl508595.prod.phx3.secureserver.net]
Correo de seguimiento enviado a juancarlos@staff.trantortechnologies.mx: [GLPI #0000005] Ticket resuelto test
2026-05-16 07:21:33 [2@p3plmcpnl508595.prod.phx3.secureserver.net]
Un correo electrónico para jperez@trantortechnologies.mx se agregó a notificaciones pendientes: [GLPI #0000001] Borrar ticket Ticket de prueba uno
2026-05-16 07:21:33 [2@p3plmcpnl508595.prod.phx3.secureserver.net]
Un correo electrónico para jperez@trantortechnologies.mx se agregó a notificaciones pendientes: [GLPI #0000003] Borrar ticket No se logra resolver el EMAIL
2026-05-16 07:21:33 [2@p3plmcpnl508595.prod.phx3.secureserver.net]
Un correo electrónico para jperez@trantortechnologies.mx se agregó a notificaciones pendientes: [GLPI #0000004] Borrar ticket Error 405 en impresora
2026-05-16 07:21:33 [2@p3plmcpnl508595.prod.phx3.secureserver.net]
Un correo electrónico para jperez@trantortechnologies.mx se agregó a notificaciones pendientes: [GLPI #0000006] Borrar ticket Test
2026-05-16 07:21:33 [2@p3plmcpnl508595.prod.phx3.secureserver.net]
Un correo electrónico para jperez@trantortechnologies.mx se agregó a notificaciones pendientes: [GLPI #0000007] Borrar ticket TEST DOS
2026-05-16 07:21:44 [2@p3plmcpnl508595.prod.phx3.secureserver.net]
Un correo electrónico para jperez@trantortechnologies.mx se agregó a notificaciones pendientes: [GLPI #0000002] Borrar ticket POP MEDIA DPORTENIS T094 3094 MAZ TDS GRAN PLAZA SINALOA INSTALACION DE MONITOR TOUCH (31468)
2026-05-16 07:21:45 [2@p3plmcpnl508595.prod.phx3.secureserver.net]
Un correo electrónico para jperez@trantortechnologies.mx se agregó a notificaciones pendientes: [GLPI #0000005] Borrar ticket test
2026-05-16 07:21:53 [2@p3plmcpnl508595.prod.phx3.secureserver.net]
Un correo electrónico para jperez@trantortechnologies.mx se agregó a notificaciones pendientes: [GLPI #0000001] Borrar ticket Ticket de prueba uno
2026-05-16 07:21:53 [2@p3plmcpnl508595.prod.phx3.secureserver.net]
Un correo electrónico para jperez@trantortechnologies.mx se agregó a notificaciones pendientes: [GLPI #0000001] Eliminar una tarea Ticket de prueba uno
2026-05-16 07:21:53 [2@p3plmcpnl508595.prod.phx3.secureserver.net]
Un correo electrónico para jperez@trantortechnologies.mx se agregó a notificaciones pendientes: [GLPI #0000002] Borrar ticket POP MEDIA DPORTENIS T094 3094 MAZ TDS GRAN PLAZA SINALOA INSTALACION DE MONITOR TOUCH (31468)
2026-05-16 07:21:53 [2@p3plmcpnl508595.prod.phx3.secureserver.net]
Un correo electrónico para jperez@trantortechnologies.mx se agregó a notificaciones pendientes: [GLPI #0000002] Eliminar una tarea POP MEDIA DPORTENIS T094 3094 MAZ TDS GRAN PLAZA SINALOA INSTALACION DE MONITOR TOUCH (31468)
2026-05-16 07:21:54 [2@p3plmcpnl508595.prod.phx3.secureserver.net]
Un correo electrónico para jperez@trantortechnologies.mx se agregó a notificaciones pendientes: [GLPI #0000003] Borrar ticket No se logra resolver el EMAIL
2026-05-16 07:21:54 [2@p3plmcpnl508595.prod.phx3.secureserver.net]
Un correo electrónico para jperez@trantortechnologies.mx se agregó a notificaciones pendientes: [GLPI #0000004] Borrar ticket Error 405 en impresora
2026-05-16 07:21:54 [2@p3plmcpnl508595.prod.phx3.secureserver.net]
Un correo electrónico para jperez@trantortechnologies.mx se agregó a notificaciones pendientes: [GLPI #0000005] Borrar ticket test
2026-05-16 07:21:54 [2@p3plmcpnl508595.prod.phx3.secureserver.net]
Un correo electrónico para jperez@trantortechnologies.mx se agregó a notificaciones pendientes: [GLPI #0000005] Eliminar una tarea test
2026-05-16 07:21:54 [2@p3plmcpnl508595.prod.phx3.secureserver.net]
Un correo electrónico para jperez@trantortechnologies.mx se agregó a notificaciones pendientes: [GLPI #0000006] Borrar ticket Test
2026-05-16 07:21:55 [2@p3plmcpnl508595.prod.phx3.secureserver.net]
Un correo electrónico para jperez@trantortechnologies.mx se agregó a notificaciones pendientes: [GLPI #0000007] Borrar ticket TEST DOS
2026-05-16 07:21:55 [2@p3plmcpnl508595.prod.phx3.secureserver.net]
Un correo electrónico para jperez@trantortechnologies.mx se agregó a notificaciones pendientes: [GLPI #0000007] Eliminar una tarea TEST DOS
2026-05-16 07:22:04 [@p3plmcpnl508595.prod.phx3.secureserver.net]
Correo de seguimiento enviado a jperez@trantortechnologies.mx: [GLPI #0000001] Borrar ticket Ticket de prueba uno
2026-05-16 07:22:04 [@p3plmcpnl508595.prod.phx3.secureserver.net]
Correo de seguimiento enviado a jperez@trantortechnologies.mx: [GLPI #0000003] Borrar ticket No se logra resolver el EMAIL
2026-05-16 07:22:05 [@p3plmcpnl508595.prod.phx3.secureserver.net]
Correo de seguimiento enviado a jperez@trantortechnologies.mx: [GLPI #0000004] Borrar ticket Error 405 en impresora
2026-05-16 07:22:05 [@p3plmcpnl508595.prod.phx3.secureserver.net]
Correo de seguimiento enviado a jperez@trantortechnologies.mx: [GLPI #0000006] Borrar ticket Test
2026-05-16 07:22:05 [@p3plmcpnl508595.prod.phx3.secureserver.net]
Correo de seguimiento enviado a jperez@trantortechnologies.mx: [GLPI #0000007] Borrar ticket TEST DOS
2026-05-16 07:22:06 [@p3plmcpnl508595.prod.phx3.secureserver.net]
Correo de seguimiento enviado a jperez@trantortechnologies.mx: [GLPI #0000002] Borrar ticket POP MEDIA DPORTENIS T094 3094 MAZ TDS GRAN PLAZA SINALOA INSTALACION DE MONITOR TOUCH (31468)
2026-05-16 07:22:06 [@p3plmcpnl508595.prod.phx3.secureserver.net]
Correo de seguimiento enviado a jperez@trantortechnologies.mx: [GLPI #0000005] Borrar ticket test
2026-05-16 07:22:07 [@p3plmcpnl508595.prod.phx3.secureserver.net]
Correo de seguimiento enviado a jperez@trantortechnologies.mx: [GLPI #0000001] Borrar ticket Ticket de prueba uno
2026-05-16 07:22:07 [@p3plmcpnl508595.prod.phx3.secureserver.net]
Correo de seguimiento enviado a jperez@trantortechnologies.mx: [GLPI #0000001] Eliminar una tarea Ticket de prueba uno
2026-05-16 07:22:07 [@p3plmcpnl508595.prod.phx3.secureserver.net]
Correo de seguimiento enviado a jperez@trantortechnologies.mx: [GLPI #0000002] Borrar ticket POP MEDIA DPORTENIS T094 3094 MAZ TDS GRAN PLAZA SINALOA INSTALACION DE MONITOR TOUCH (31468)
2026-05-16 07:22:08 [@p3plmcpnl508595.prod.phx3.secureserver.net]
Correo de seguimiento enviado a jperez@trantortechnologies.mx: [GLPI #0000002] Eliminar una tarea POP MEDIA DPORTENIS T094 3094 MAZ TDS GRAN PLAZA SINALOA INSTALACION DE MONITOR TOUCH (31468)
2026-05-16 07:22:08 [@p3plmcpnl508595.prod.phx3.secureserver.net]
Correo de seguimiento enviado a jperez@trantortechnologies.mx: [GLPI #0000003] Borrar ticket No se logra resolver el EMAIL
2026-05-16 07:22:09 [@p3plmcpnl508595.prod.phx3.secureserver.net]
Correo de seguimiento enviado a jperez@trantortechnologies.mx: [GLPI #0000004] Borrar ticket Error 405 en impresora
2026-05-16 07:22:09 [@p3plmcpnl508595.prod.phx3.secureserver.net]
Correo de seguimiento enviado a jperez@trantortechnologies.mx: [GLPI #0000005] Borrar ticket test
2026-05-16 07:22:09 [@p3plmcpnl508595.prod.phx3.secureserver.net]
Correo de seguimiento enviado a jperez@trantortechnologies.mx: [GLPI #0000005] Eliminar una tarea test
2026-05-16 07:22:10 [@p3plmcpnl508595.prod.phx3.secureserver.net]
Correo de seguimiento enviado a jperez@trantortechnologies.mx: [GLPI #0000006] Borrar ticket Test
2026-05-16 07:22:10 [@p3plmcpnl508595.prod.phx3.secureserver.net]
Correo de seguimiento enviado a jperez@trantortechnologies.mx: [GLPI #0000007] Borrar ticket TEST DOS
2026-05-16 07:22:10 [@p3plmcpnl508595.prod.phx3.secureserver.net]
Correo de seguimiento enviado a jperez@trantortechnologies.mx: [GLPI #0000007] Eliminar una tarea TEST DOS
2026-05-16 07:34:10 [2@p3plmcpnl508595.prod.phx3.secureserver.net]
Un correo electrónico para jperez@trantortechnologies.mx se agregó a notificaciones pendientes: [GLPI #0000008] Nuevo ticket test
2026-05-16 07:35:03 [@p3plmcpnl508595.prod.phx3.secureserver.net]
Correo de seguimiento enviado a jperez@trantortechnologies.mx: [GLPI #0000008] Nuevo ticket test
2026-05-16 07:44:45 [2@p3plmcpnl508595.prod.phx3.secureserver.net]
Un correo electrónico para jperez@trantortechnologies.mx se agregó a notificaciones pendientes: [GLPI #0000008] Nuevo grupo en asignación test
2026-05-16 07:45:04 [@p3plmcpnl508595.prod.phx3.secureserver.net]
Correo de seguimiento enviado a jperez@trantortechnologies.mx: [GLPI #0000008] Nuevo grupo en asignación test
2026-05-16 07:49:03 [2@p3plmcpnl508595.prod.phx3.secureserver.net]
Un correo electrónico para jperez@trantortechnologies.mx se agregó a notificaciones pendientes: [GLPI #0000008] Nuevo grupo en observadores test
2026-05-16 07:50:04 [@p3plmcpnl508595.prod.phx3.secureserver.net]
Correo de seguimiento enviado a jperez@trantortechnologies.mx: [GLPI #0000008] Nuevo grupo en observadores test
2026-05-16 07:51:01 [2@p3plmcpnl508595.prod.phx3.secureserver.net]
Un correo electrónico para jperez@trantortechnologies.mx se agregó a notificaciones pendientes: [GLPI #0000008] Nuevo grupo en asignación test
2026-05-16 07:51:05 [@p3plmcpnl508595.prod.phx3.secureserver.net]
Correo de seguimiento enviado a jperez@trantortechnologies.mx: [GLPI #0000008] Nuevo grupo en asignación test
2026-05-16 07:51:26 [2@p3plmcpnl508595.prod.phx3.secureserver.net]
Un correo electrónico para jperez@trantortechnologies.mx se agregó a notificaciones pendientes: [GLPI #0000008] Nuevo usuario en asignación test
2026-05-16 07:52:03 [@p3plmcpnl508595.prod.phx3.secureserver.net]
Correo de seguimiento enviado a jperez@trantortechnologies.mx: [GLPI #0000008] Nuevo usuario en asignación test
2026-05-16 07:52:21 [2@p3plmcpnl508595.prod.phx3.secureserver.net]
Un correo electrónico para jperez@trantortechnologies.mx se agregó a notificaciones pendientes: [GLPI #0000008] Nuevo usuario en asignación test
2026-05-16 07:58:05 [@p3plmcpnl508595.prod.phx3.secureserver.net]
Correo de seguimiento enviado a jperez@trantortechnologies.mx: [GLPI #0000008] Nuevo usuario en asignación test
2026-05-16 08:16:16 [2@p3plmcpnl508595.prod.phx3.secureserver.net]
Un correo electrónico para jperez@trantortechnologies.mx se agregó a notificaciones pendientes: [GLPI #0000009] Nuevo ticket asdasdasd
2026-05-16 08:17:03 [@p3plmcpnl508595.prod.phx3.secureserver.net]
Correo de seguimiento enviado a jperez@trantortechnologies.mx: [GLPI #0000009] Nuevo ticket asdasdasd
2026-05-16 12:08:19 [2@p3plmcpnl508595.prod.phx3.secureserver.net]
Un correo electrónico para compras@trantortechnologies.mx se agregó a notificaciones pendientes: [GLPI] Recuperación de contraseña
2026-05-16 12:08:21 [2@p3plmcpnl508595.prod.phx3.secureserver.net]
Correo de seguimiento enviado a compras@trantortechnologies.mx: [GLPI] Recuperación de contraseña
2026-05-16 12:09:28 [2@p3plmcpnl508595.prod.phx3.secureserver.net]
Un correo electrónico para gte.almacen@trantortechnologies.mx se agregó a notificaciones pendientes: [GLPI] Recuperación de contraseña
2026-05-16 12:09:29 [2@p3plmcpnl508595.prod.phx3.secureserver.net]
Correo de seguimiento enviado a gte.almacen@trantortechnologies.mx: [GLPI] Recuperación de contraseña
2026-05-16 12:09:33 [2@p3plmcpnl508595.prod.phx3.secureserver.net]
Un correo electrónico para serv.generales@trantortechnologies.mx se agregó a notificaciones pendientes: [GLPI] Recuperación de contraseña
2026-05-16 12:09:33 [2@p3plmcpnl508595.prod.phx3.secureserver.net]
Correo de seguimiento enviado a serv.generales@trantortechnologies.mx: [GLPI] Recuperación de contraseña
2026-05-16 12:09:37 [2@p3plmcpnl508595.prod.phx3.secureserver.net]
Un correo electrónico para lhernandez@trantortechnologies.mx se agregó a notificaciones pendientes: [GLPI] Recuperación de contraseña
2026-05-16 12:09:38 [2@p3plmcpnl508595.prod.phx3.secureserver.net]
Correo de seguimiento enviado a lhernandez@trantortechnologies.mx: [GLPI] Recuperación de contraseña
2026-05-16 12:09:41 [2@p3plmcpnl508595.prod.phx3.secureserver.net]
Un correo electrónico para instalacionesmty@trantortechnologies.mx se agregó a notificaciones pendientes: [GLPI] Recuperación de contraseña
2026-05-16 12:09:41 [2@p3plmcpnl508595.prod.phx3.secureserver.net]
Correo de seguimiento enviado a instalacionesmty@trantortechnologies.mx: [GLPI] Recuperación de contraseña
2026-05-16 12:09:44 [2@p3plmcpnl508595.prod.phx3.secureserver.net]
Un correo electrónico para avaquero@trantortechnologies.mx se agregó a notificaciones pendientes: [GLPI] Recuperación de contraseña
2026-05-16 12:09:44 [2@p3plmcpnl508595.prod.phx3.secureserver.net]
Correo de seguimiento enviado a avaquero@trantortechnologies.mx: [GLPI] Recuperación de contraseña
2026-05-16 12:09:46 [2@p3plmcpnl508595.prod.phx3.secureserver.net]
Un correo electrónico para cespinosa@trantortechnologies.mx se agregó a notificaciones pendientes: [GLPI] Recuperación de contraseña
2026-05-16 12:09:47 [2@p3plmcpnl508595.prod.phx3.secureserver.net]
Correo de seguimiento enviado a cespinosa@trantortechnologies.mx: [GLPI] Recuperación de contraseña
2026-05-16 12:12:02 [2@p3plmcpnl508595.prod.phx3.secureserver.net]
Un correo electrónico para jperez@trantortechnologies.mx se agregó a notificaciones pendientes: [GLPI #0000008] Borrar ticket test
2026-05-16 12:12:02 [2@p3plmcpnl508595.prod.phx3.secureserver.net]
Un correo electrónico para jperez@trantortechnologies.mx se agregó a notificaciones pendientes: [GLPI #0000009] Borrar ticket asdasdasd
2026-05-16 12:13:02 [@p3plmcpnl508595.prod.phx3.secureserver.net]
Correo de seguimiento enviado a jperez@trantortechnologies.mx: [GLPI #0000008] Borrar ticket test
2026-05-16 12:13:03 [@p3plmcpnl508595.prod.phx3.secureserver.net]
Correo de seguimiento enviado a jperez@trantortechnologies.mx: [GLPI #0000009] Borrar ticket asdasdasd
2026-06-06 02:30:22 [7@p3plmcpnl508595.prod.phx3.secureserver.net]
Un correo electrónico para jperez@trantortechnologies.mx se agregó a notificaciones pendientes: [GLPI #0000024] Nuevo seguimiento Solicitud de viáticos
2026-06-06 02:30:22 [7@p3plmcpnl508595.prod.phx3.secureserver.net]
Un correo electrónico para juancarlos@staff.trantortechnologies.mx se agregó a notificaciones pendientes: [GLPI #0000024] Nuevo seguimiento Solicitud de viáticos
2026-06-06 02:30:22 [7@p3plmcpnl508595.prod.phx3.secureserver.net]
Un correo electrónico para jperez@trantortechnologies.mx se agregó a notificaciones pendientes: [GLPI #0000024] Nuevo ticket Solicitud de viáticos
2026-06-06 02:30:22 [7@p3plmcpnl508595.prod.phx3.secureserver.net]
Un correo electrónico para juancarlos@staff.trantortechnologies.mx se agregó a notificaciones pendientes: [GLPI #0000024] Nuevo ticket Solicitud de viáticos
2026-06-06 02:30:22 [7@p3plmcpnl508595.prod.phx3.secureserver.net]
Un correo electrónico para sistemas@trantortechnologies.mx se agregó a notificaciones pendientes: [GLPI #0000024] Nuevo ticket Solicitud de viáticos
2026-06-06 02:31:05 [@p3plmcpnl508595.prod.phx3.secureserver.net]
Correo de seguimiento enviado a jperez@trantortechnologies.mx: [GLPI #0000024] Nuevo seguimiento Solicitud de viáticos
2026-06-06 02:31:05 [@p3plmcpnl508595.prod.phx3.secureserver.net]
Correo de seguimiento enviado a juancarlos@staff.trantortechnologies.mx: [GLPI #0000024] Nuevo seguimiento Solicitud de viáticos
2026-06-06 02:31:06 [@p3plmcpnl508595.prod.phx3.secureserver.net]
Correo de seguimiento enviado a jperez@trantortechnologies.mx: [GLPI #0000024] Nuevo ticket Solicitud de viáticos
2026-06-06 02:31:07 [@p3plmcpnl508595.prod.phx3.secureserver.net]
Correo de seguimiento enviado a juancarlos@staff.trantortechnologies.mx: [GLPI #0000024] Nuevo ticket Solicitud de viáticos
2026-06-06 02:31:08 [@p3plmcpnl508595.prod.phx3.secureserver.net]
Correo de seguimiento enviado a sistemas@trantortechnologies.mx: [GLPI #0000024] Nuevo ticket Solicitud de viáticos
2026-06-06 02:42:50 [7@p3plmcpnl508595.prod.phx3.secureserver.net]
Un correo electrónico para jperez@trantortechnologies.mx se agregó a notificaciones pendientes: [GLPI #0000025] Nuevo ticket Solicitud de viáticos - Monto </span>
2026-06-06 02:42:50 [7@p3plmcpnl508595.prod.phx3.secureserver.net]
Un correo electrónico para juancarlos@staff.trantortechnologies.mx se agregó a notificaciones pendientes: [GLPI #0000025] Nuevo ticket Solicitud de viáticos - Monto </span>
2026-06-06 02:42:50 [7@p3plmcpnl508595.prod.phx3.secureserver.net]
Un correo electrónico para sistemas@trantortechnologies.mx se agregó a notificaciones pendientes: [GLPI #0000025] Nuevo ticket Solicitud de viáticos - Monto </span>
2026-06-06 02:43:04 [@p3plmcpnl508595.prod.phx3.secureserver.net]
Correo de seguimiento enviado a jperez@trantortechnologies.mx: [GLPI #0000025] Nuevo ticket Solicitud de viáticos - Monto </span>
2026-06-06 02:43:04 [@p3plmcpnl508595.prod.phx3.secureserver.net]
Correo de seguimiento enviado a juancarlos@staff.trantortechnologies.mx: [GLPI #0000025] Nuevo ticket Solicitud de viáticos - Monto </span>
2026-06-06 02:43:04 [@p3plmcpnl508595.prod.phx3.secureserver.net]
Correo de seguimiento enviado a sistemas@trantortechnologies.mx: [GLPI #0000025] Nuevo ticket Solicitud de viáticos - Monto </span>
2026-06-06 02:44:09 [31@p3plmcpnl508595.prod.phx3.secureserver.net]
Un correo electrónico para jperez@trantortechnologies.mx se agregó a notificaciones pendientes: [GLPI #0000025] Aprobación - Esperando aprobación Solicitud de viáticos - Monto </span>
2026-06-06 02:45:04 [@p3plmcpnl508595.prod.phx3.secureserver.net]
Correo de seguimiento enviado a jperez@trantortechnologies.mx: [GLPI #0000025] Aprobación - Esperando aprobación Solicitud de viáticos - Monto </span>
2026-06-06 02:48:06 [7@p3plmcpnl508595.prod.phx3.secureserver.net]
Un correo electrónico para jperez@trantortechnologies.mx se agregó a notificaciones pendientes: [GLPI #0000026] Nuevo ticket SOLICITUD DE VIATICOS - DTN - Zona 1  - Monto 
2026-06-06 02:48:06 [7@p3plmcpnl508595.prod.phx3.secureserver.net]
Un correo electrónico para juancarlos@staff.trantortechnologies.mx se agregó a notificaciones pendientes: [GLPI #0000026] Nuevo ticket SOLICITUD DE VIATICOS - DTN - Zona 1  - Monto 
2026-06-06 02:48:06 [7@p3plmcpnl508595.prod.phx3.secureserver.net]
Un correo electrónico para sistemas@trantortechnologies.mx se agregó a notificaciones pendientes: [GLPI #0000026] Nuevo ticket SOLICITUD DE VIATICOS - DTN - Zona 1  - Monto 
2026-06-06 02:49:04 [@p3plmcpnl508595.prod.phx3.secureserver.net]
Correo de seguimiento enviado a jperez@trantortechnologies.mx: [GLPI #0000026] Nuevo ticket SOLICITUD DE VIATICOS - DTN - Zona 1  - Monto 
2026-06-06 02:49:04 [@p3plmcpnl508595.prod.phx3.secureserver.net]
Correo de seguimiento enviado a juancarlos@staff.trantortechnologies.mx: [GLPI #0000026] Nuevo ticket SOLICITUD DE VIATICOS - DTN - Zona 1  - Monto 
2026-06-06 02:49:05 [@p3plmcpnl508595.prod.phx3.secureserver.net]
Correo de seguimiento enviado a sistemas@trantortechnologies.mx: [GLPI #0000026] Nuevo ticket SOLICITUD DE VIATICOS - DTN - Zona 1  - Monto 
2026-06-06 03:03:14 [7@p3plmcpnl508595.prod.phx3.secureserver.net]
Un correo electrónico para jperez@trantortechnologies.mx se agregó a notificaciones pendientes: [GLPI #0000027] Aprobación - Esperando aprobación SOLICITUD DE VIATICOS - DTN - Zona 1 - Guerrero 
2026-06-06 03:03:14 [7@p3plmcpnl508595.prod.phx3.secureserver.net]
Un correo electrónico para juancarlos@staff.trantortechnologies.mx se agregó a notificaciones pendientes: [GLPI #0000027] Aprobación - Esperando aprobación SOLICITUD DE VIATICOS - DTN - Zona 1 - Guerrero 
2026-06-06 03:03:14 [7@p3plmcpnl508595.prod.phx3.secureserver.net]
Un correo electrónico para jperez@trantortechnologies.mx se agregó a notificaciones pendientes: [GLPI #0000027] Nuevo ticket SOLICITUD DE VIATICOS - DTN - Zona 1 - Guerrero 
2026-06-06 03:03:14 [7@p3plmcpnl508595.prod.phx3.secureserver.net]
Un correo electrónico para juancarlos@staff.trantortechnologies.mx se agregó a notificaciones pendientes: [GLPI #0000027] Nuevo ticket SOLICITUD DE VIATICOS - DTN - Zona 1 - Guerrero 
2026-06-06 03:03:14 [7@p3plmcpnl508595.prod.phx3.secureserver.net]
Un correo electrónico para sistemas@trantortechnologies.mx se agregó a notificaciones pendientes: [GLPI #0000027] Nuevo ticket SOLICITUD DE VIATICOS - DTN - Zona 1 - Guerrero 
2026-06-06 03:04:04 [@p3plmcpnl508595.prod.phx3.secureserver.net]
Correo de seguimiento enviado a jperez@trantortechnologies.mx: [GLPI #0000027] Aprobación - Esperando aprobación SOLICITUD DE VIATICOS - DTN - Zona 1 - Guerrero 
2026-06-06 03:04:05 [@p3plmcpnl508595.prod.phx3.secureserver.net]
Correo de seguimiento enviado a juancarlos@staff.trantortechnologies.mx: [GLPI #0000027] Aprobación - Esperando aprobación SOLICITUD DE VIATICOS - DTN - Zona 1 - Guerrero 
2026-06-06 03:04:06 [@p3plmcpnl508595.prod.phx3.secureserver.net]
Correo de seguimiento enviado a jperez@trantortechnologies.mx: [GLPI #0000027] Nuevo ticket SOLICITUD DE VIATICOS - DTN - Zona 1 - Guerrero 
2026-06-06 03:04:07 [@p3plmcpnl508595.prod.phx3.secureserver.net]
Correo de seguimiento enviado a juancarlos@staff.trantortechnologies.mx: [GLPI #0000027] Nuevo ticket SOLICITUD DE VIATICOS - DTN - Zona 1 - Guerrero 
2026-06-06 03:04:08 [@p3plmcpnl508595.prod.phx3.secureserver.net]
Correo de seguimiento enviado a sistemas@trantortechnologies.mx: [GLPI #0000027] Nuevo ticket SOLICITUD DE VIATICOS - DTN - Zona 1 - Guerrero 
2026-06-06 03:04:25 [31@p3plmcpnl508595.prod.phx3.secureserver.net]
Un correo electrónico para jperez@trantortechnologies.mx se agregó a notificaciones pendientes: [GLPI #0000027] Respuesta a la solicitud de aprobación SOLICITUD DE VIATICOS - DTN - Zona 1 - Guerrero 
2026-06-06 03:04:25 [31@p3plmcpnl508595.prod.phx3.secureserver.net]
Un correo electrónico para juancarlos@staff.trantortechnologies.mx se agregó a notificaciones pendientes: [GLPI #0000027] Respuesta a la solicitud de aprobación SOLICITUD DE VIATICOS - DTN - Zona 1 - Guerrero 
2026-06-06 03:05:04 [@p3plmcpnl508595.prod.phx3.secureserver.net]
Correo de seguimiento enviado a jperez@trantortechnologies.mx: [GLPI #0000027] Respuesta a la solicitud de aprobación SOLICITUD DE VIATICOS - DTN - Zona 1 - Guerrero 
2026-06-06 03:05:04 [@p3plmcpnl508595.prod.phx3.secureserver.net]
Correo de seguimiento enviado a juancarlos@staff.trantortechnologies.mx: [GLPI #0000027] Respuesta a la solicitud de aprobación SOLICITUD DE VIATICOS - DTN - Zona 1 - Guerrero 
2026-06-07 10:51:40 [7@p3plmcpnl508595.prod.phx3.secureserver.net]
Un correo electrónico para jperez@trantortechnologies.mx se agregó a notificaciones pendientes: [GLPI #0000001] Nuevo seguimiento Ticket uno
2026-06-07 10:52:03 [@p3plmcpnl508595.prod.phx3.secureserver.net]
Correo de seguimiento enviado a jperez@trantortechnologies.mx: [GLPI #0000001] Nuevo seguimiento Ticket uno
2026-06-07 10:54:24 [7@p3plmcpnl508595.prod.phx3.secureserver.net]
Un correo electrónico para jperez@trantortechnologies.mx se agregó a notificaciones pendientes: [GLPI #0000001] Respuesta a la solicitud de aprobación Ticket uno
2026-06-07 10:55:03 [@p3plmcpnl508595.prod.phx3.secureserver.net]
Correo de seguimiento enviado a jperez@trantortechnologies.mx: [GLPI #0000001] Respuesta a la solicitud de aprobación Ticket uno
2026-06-07 10:55:55 [7@p3plmcpnl508595.prod.phx3.secureserver.net]
Un correo electrónico para jperez@trantortechnologies.mx se agregó a notificaciones pendientes: [GLPI #0000001] Nuevo seguimiento Ticket uno
2026-06-07 10:56:02 [@p3plmcpnl508595.prod.phx3.secureserver.net]
Correo de seguimiento enviado a jperez@trantortechnologies.mx: [GLPI #0000001] Nuevo seguimiento Ticket uno
2026-06-07 11:06:35 [7@p3plmcpnl508595.prod.phx3.secureserver.net]
Un correo electrónico para jperez@trantortechnologies.mx se agregó a notificaciones pendientes: [GLPI #0000001] Nuevo seguimiento Ticket uno
2026-06-07 11:07:03 [@p3plmcpnl508595.prod.phx3.secureserver.net]
Correo de seguimiento enviado a jperez@trantortechnologies.mx: [GLPI #0000001] Nuevo seguimiento Ticket uno
2026-06-25 07:00:05 [@p3plmcpnl508595.prod.phx3.secureserver.net]
Un correo electrónico para jperez@trantortechnologies.mx se agregó a notificaciones pendientes: [GLPI] ¡Algunas actualizaciones están disponibles para los complementos instalados!
2026-06-25 07:01:03 [@p3plmcpnl508595.prod.phx3.secureserver.net]
Correo de seguimiento enviado a jperez@trantortechnologies.mx: [GLPI] ¡Algunas actualizaciones están disponibles para los complementos instalados!
2026-06-26 07:00:06 [@p3plmcpnl508595.prod.phx3.secureserver.net]
Un correo electrónico para jperez@trantortechnologies.mx se agregó a notificaciones pendientes: [GLPI] ¡Algunas actualizaciones están disponibles para los complementos instalados!
2026-06-26 07:01:04 [@p3plmcpnl508595.prod.phx3.secureserver.net]
Correo de seguimiento enviado a jperez@trantortechnologies.mx: [GLPI] ¡Algunas actualizaciones están disponibles para los complementos instalados!
2026-06-27 07:00:05 [@p3plmcpnl508595.prod.phx3.secureserver.net]
Un correo electrónico para jperez@trantortechnologies.mx se agregó a notificaciones pendientes: [GLPI] ¡Algunas actualizaciones están disponibles para los complementos instalados!
2026-06-27 07:01:04 [@p3plmcpnl508595.prod.phx3.secureserver.net]
Correo de seguimiento enviado a jperez@trantortechnologies.mx: [GLPI] ¡Algunas actualizaciones están disponibles para los complementos instalados!
2026-06-28 07:00:07 [@p3plmcpnl508595.prod.phx3.secureserver.net]
Un correo electrónico para jperez@trantortechnologies.mx se agregó a notificaciones pendientes: [GLPI] ¡Algunas actualizaciones están disponibles para los complementos instalados!
2026-06-28 07:01:03 [@p3plmcpnl508595.prod.phx3.secureserver.net]
Correo de seguimiento enviado a jperez@trantortechnologies.mx: [GLPI] ¡Algunas actualizaciones están disponibles para los complementos instalados!
2026-06-29 07:00:07 [@p3plmcpnl508595.prod.phx3.secureserver.net]
Un correo electrónico para jperez@trantortechnologies.mx se agregó a notificaciones pendientes: [GLPI] ¡Algunas actualizaciones están disponibles para los complementos instalados!
2026-06-29 07:01:04 [@p3plmcpnl508595.prod.phx3.secureserver.net]
Correo de seguimiento enviado a jperez@trantortechnologies.mx: [GLPI] ¡Algunas actualizaciones están disponibles para los complementos instalados!
2026-06-30 07:00:05 [@p3plmcpnl508595.prod.phx3.secureserver.net]
Un correo electrónico para jperez@trantortechnologies.mx se agregó a notificaciones pendientes: [GLPI] ¡Algunas actualizaciones están disponibles para los complementos instalados!
2026-06-30 07:01:04 [@p3plmcpnl508595.prod.phx3.secureserver.net]
Correo de seguimiento enviado a jperez@trantortechnologies.mx: [GLPI] ¡Algunas actualizaciones están disponibles para los complementos instalados!
