2026-05-16 07:29:27 [2@p3plmcpnl508595.prod.phx3.secureserver.net]
Cambió el esquema de la base de datos - glpi_plugin_fields_ticketadicionales
2026-05-16 07:29:27 [2@p3plmcpnl508595.prod.phx3.secureserver.net]
Actualización a la versión 0 completada.
2026-05-16 07:29:40 [2@p3plmcpnl508595.prod.phx3.secureserver.net]
Cambió el esquema de la base de datos - glpi_plugin_fields_ticketadicionales
2026-05-16 07:29:57 [2@p3plmcpnl508595.prod.phx3.secureserver.net]
Cambió el esquema de la base de datos - glpi_plugin_fields_ticketadicionales
2026-05-19 07:45:33 [31@p3plmcpnl508595.prod.phx3.secureserver.net]
Cambió el esquema de la base de datos - glpi_plugin_fields_ticketadicionales
2026-06-06 01:38:21 [31@p3plmcpnl508595.prod.phx3.secureserver.net]
Cambió el esquema de la base de datos - glpi_plugin_fields_ticketadicionales
2026-06-06 01:38:33 [31@p3plmcpnl508595.prod.phx3.secureserver.net]
Cambió el esquema de la base de datos - glpi_plugin_fields_ticketadicionales
2026-06-06 01:38:58 [31@p3plmcpnl508595.prod.phx3.secureserver.net]
Cambió el esquema de la base de datos - glpi_plugin_fields_ticketadicionales
2026-06-06 01:39:20 [31@p3plmcpnl508595.prod.phx3.secureserver.net]
Cambió el esquema de la base de datos - glpi_plugin_fields_ticketadicionales
2026-06-06 22:06:39 [7@p3plmcpnl508595.prod.phx3.secureserver.net]
Cambió el esquema de la base de datos - glpi_plugin_fields_ticketclientesexternos
2026-06-06 22:06:39 [7@p3plmcpnl508595.prod.phx3.secureserver.net]
Actualización a la versión 0 completada.
2026-06-06 22:07:22 [7@p3plmcpnl508595.prod.phx3.secureserver.net]
Cambió el esquema de la base de datos - glpi_plugin_fields_ticketclientesexternos
2026-06-06 22:07:37 [7@p3plmcpnl508595.prod.phx3.secureserver.net]
Cambió el esquema de la base de datos - glpi_plugin_fields_ticketclientesexternos
2026-06-06 22:08:39 [7@p3plmcpnl508595.prod.phx3.secureserver.net]
Cambió el esquema de la base de datos - glpi_plugin_fields_ticketclientesexternos
2026-06-06 22:08:59 [7@p3plmcpnl508595.prod.phx3.secureserver.net]
Cambió el esquema de la base de datos - glpi_plugin_fields_ticketclientesexternos
2026-06-06 22:09:15 [7@p3plmcpnl508595.prod.phx3.secureserver.net]
Cambió el esquema de la base de datos - glpi_plugin_fields_ticketclientesexternos
2026-06-06 22:09:42 [7@p3plmcpnl508595.prod.phx3.secureserver.net]
Cambió el esquema de la base de datos - glpi_plugin_fields_ticketclientesexternos
2026-06-06 22:09:56 [7@p3plmcpnl508595.prod.phx3.secureserver.net]
Cambió el esquema de la base de datos - glpi_plugin_fields_ticketclientesexternos
2026-06-06 22:10:14 [7@p3plmcpnl508595.prod.phx3.secureserver.net]
Cambió el esquema de la base de datos - glpi_plugin_fields_ticketclientesexternos
2026-06-06 22:10:31 [7@p3plmcpnl508595.prod.phx3.secureserver.net]
Cambió el esquema de la base de datos - glpi_plugin_fields_ticketclientesexternos
2026-06-06 22:10:51 [7@p3plmcpnl508595.prod.phx3.secureserver.net]
Cambió el esquema de la base de datos - glpi_plugin_fields_ticketclientesexternos
2026-06-06 22:11:05 [7@p3plmcpnl508595.prod.phx3.secureserver.net]
Cambió el esquema de la base de datos - glpi_plugin_fields_ticketclientesexternos
2026-06-06 22:11:19 [7@p3plmcpnl508595.prod.phx3.secureserver.net]
Cambió el esquema de la base de datos - glpi_plugin_fields_ticketclientesexternos
2026-06-06 22:11:49 [7@p3plmcpnl508595.prod.phx3.secureserver.net]
Cambió el esquema de la base de datos - glpi_plugin_fields_ticketclientesexternos
2026-06-06 22:13:32 [7@p3plmcpnl508595.prod.phx3.secureserver.net]
Cambió el esquema de la base de datos - glpi_plugin_fields_ticketclientesexternos
2026-06-06 22:14:11 [7@p3plmcpnl508595.prod.phx3.secureserver.net]
Cambió el esquema de la base de datos - glpi_plugin_fields_ticketclientesexternos
2026-06-06 22:18:39 [7@p3plmcpnl508595.prod.phx3.secureserver.net]
Cambió el esquema de la base de datos - glpi_plugin_fields_ticketcontroldeactivos
2026-06-06 22:18:39 [7@p3plmcpnl508595.prod.phx3.secureserver.net]
Actualización a la versión 0 completada.
2026-06-06 22:18:57 [7@p3plmcpnl508595.prod.phx3.secureserver.net]
Cambió el esquema de la base de datos - glpi_plugin_fields_ticketcontroldeactivos
2026-06-06 22:19:11 [7@p3plmcpnl508595.prod.phx3.secureserver.net]
Cambió el esquema de la base de datos - glpi_plugin_fields_ticketcontroldeactivos
2026-06-06 22:19:26 [7@p3plmcpnl508595.prod.phx3.secureserver.net]
Cambió el esquema de la base de datos - glpi_plugin_fields_ticketcontroldeactivos
2026-06-06 22:19:38 [7@p3plmcpnl508595.prod.phx3.secureserver.net]
Cambió el esquema de la base de datos - glpi_plugin_fields_ticketcontroldeactivos
2026-06-06 22:19:52 [7@p3plmcpnl508595.prod.phx3.secureserver.net]
Cambió el esquema de la base de datos - glpi_plugin_fields_ticketcontroldeactivos
2026-06-06 22:20:03 [7@p3plmcpnl508595.prod.phx3.secureserver.net]
Cambió el esquema de la base de datos - glpi_plugin_fields_ticketcontroldeactivos
2026-06-06 22:20:12 [7@p3plmcpnl508595.prod.phx3.secureserver.net]
Cambió el esquema de la base de datos - glpi_plugin_fields_ticketcontroldeactivos
2026-06-06 22:23:29 [7@p3plmcpnl508595.prod.phx3.secureserver.net]
Cambió el esquema de la base de datos - glpi_plugin_fields_ticketcontroldeenvios
2026-06-06 22:23:29 [7@p3plmcpnl508595.prod.phx3.secureserver.net]
Actualización a la versión 0 completada.
2026-06-06 22:23:44 [7@p3plmcpnl508595.prod.phx3.secureserver.net]
Cambió el esquema de la base de datos - glpi_plugin_fields_ticketcontroldeenvios
2026-06-06 22:23:57 [7@p3plmcpnl508595.prod.phx3.secureserver.net]
Cambió el esquema de la base de datos - glpi_plugin_fields_ticketcontroldeenvios
2026-06-06 22:24:18 [7@p3plmcpnl508595.prod.phx3.secureserver.net]
Cambió el esquema de la base de datos - glpi_plugin_fields_ticketcontroldeenvios
2026-06-06 22:24:36 [7@p3plmcpnl508595.prod.phx3.secureserver.net]
Cambió el esquema de la base de datos - glpi_plugin_fields_ticketcontroldeenvios
2026-06-06 22:24:49 [7@p3plmcpnl508595.prod.phx3.secureserver.net]
Cambió el esquema de la base de datos - glpi_plugin_fields_ticketcontroldeenvios
2026-06-06 22:25:05 [7@p3plmcpnl508595.prod.phx3.secureserver.net]
Cambió el esquema de la base de datos - glpi_plugin_fields_ticketcontroldeenvios
2026-06-06 22:25:25 [7@p3plmcpnl508595.prod.phx3.secureserver.net]
Cambió el esquema de la base de datos - glpi_plugin_fields_ticketcontroldeenvios
2026-06-06 22:26:06 [7@p3plmcpnl508595.prod.phx3.secureserver.net]
Cambió el esquema de la base de datos - glpi_plugin_fields_ticketcontroldeenvios
2026-06-06 22:27:39 [7@p3plmcpnl508595.prod.phx3.secureserver.net]
Cambió el esquema de la base de datos - glpi_plugin_fields_ticketcontroldeenvios
2026-06-06 22:27:59 [7@p3plmcpnl508595.prod.phx3.secureserver.net]
Cambió el esquema de la base de datos - glpi_plugin_fields_ticketcontroldeenvios
2026-06-06 22:28:10 [7@p3plmcpnl508595.prod.phx3.secureserver.net]
Cambió el esquema de la base de datos - glpi_plugin_fields_ticketcontroldeenvios
2026-06-06 22:28:23 [7@p3plmcpnl508595.prod.phx3.secureserver.net]
Cambió el esquema de la base de datos - glpi_plugin_fields_ticketcontroldeenvios
2026-06-06 22:28:48 [7@p3plmcpnl508595.prod.phx3.secureserver.net]
Cambió el esquema de la base de datos - glpi_plugin_fields_ticketcontroldeenvios
2026-06-06 22:29:04 [7@p3plmcpnl508595.prod.phx3.secureserver.net]
Cambió el esquema de la base de datos - glpi_plugin_fields_ticketcontroldeenvios
2026-06-06 22:29:30 [7@p3plmcpnl508595.prod.phx3.secureserver.net]
Cambió el esquema de la base de datos - glpi_plugin_fields_ticketcontroldeenvios
2026-06-06 22:29:40 [7@p3plmcpnl508595.prod.phx3.secureserver.net]
Cambió el esquema de la base de datos - glpi_plugin_fields_ticketcontroldeenvios
2026-06-06 22:29:49 [7@p3plmcpnl508595.prod.phx3.secureserver.net]
Cambió el esquema de la base de datos - glpi_plugin_fields_ticketcontroldeenvios
2026-06-06 22:30:43 [7@p3plmcpnl508595.prod.phx3.secureserver.net]
Cambió el esquema de la base de datos - glpi_plugin_fields_ticketareasinternas
2026-06-06 22:30:43 [7@p3plmcpnl508595.prod.phx3.secureserver.net]
Actualización a la versión 0 completada.
2026-06-06 22:35:21 [7@p3plmcpnl508595.prod.phx3.secureserver.net]
Cambió el esquema de la base de datos - glpi_plugin_fields_ticketareasinternas
2026-06-06 22:35:34 [7@p3plmcpnl508595.prod.phx3.secureserver.net]
Cambió el esquema de la base de datos - glpi_plugin_fields_ticketareasinternas
2026-06-06 22:35:51 [7@p3plmcpnl508595.prod.phx3.secureserver.net]
Cambió el esquema de la base de datos - glpi_plugin_fields_ticketareasinternas
2026-06-06 22:36:01 [7@p3plmcpnl508595.prod.phx3.secureserver.net]
Cambió el esquema de la base de datos - glpi_plugin_fields_ticketareasinternas
2026-06-06 22:36:25 [7@p3plmcpnl508595.prod.phx3.secureserver.net]
Cambió el esquema de la base de datos - glpi_plugin_fields_ticketareasinternas
2026-06-06 22:36:42 [7@p3plmcpnl508595.prod.phx3.secureserver.net]
Cambió el esquema de la base de datos - glpi_plugin_fields_ticketareasinternas
2026-06-07 04:22:36 [7@p3plmcpnl508595.prod.phx3.secureserver.net]
Cambió el esquema de la base de datos - glpi_plugin_fields_ticketareasinternas
2026-07-01 01:12:20 [7@p3plmcpnl508595.prod.phx3.secureserver.net]
Cambió el esquema de la base de datos - glpi_plugin_fields_ticketclientesexternos
2026-07-01 01:27:52 [7@p3plmcpnl508595.prod.phx3.secureserver.net]
Cambió el esquema de la base de datos - glpi_plugin_fields_ticketids
2026-07-01 01:27:52 [7@p3plmcpnl508595.prod.phx3.secureserver.net]
Actualización a la versión 0 completada.
2026-07-01 01:28:11 [7@p3plmcpnl508595.prod.phx3.secureserver.net]
Cambió el esquema de la base de datos - glpi_plugin_fields_ticketids
2026-07-01 01:28:26 [7@p3plmcpnl508595.prod.phx3.secureserver.net]
Cambió el esquema de la base de datos - glpi_plugin_fields_ticketids
