2026-06-30 23:15:50 [7@p3plmcpnl508595.prod.phx3.secureserver.net]
0 segundos for "Updating glpi_plugin_fields_fields"
2026-06-30 23:15:50 [7@p3plmcpnl508595.prod.phx3.secureserver.net]
Cambió el esquema de la base de datos - glpi_plugin_fields_ticketcontroldeactivos
2026-06-30 23:15:50 [7@p3plmcpnl508595.prod.phx3.secureserver.net]
Cambió el esquema de la base de datos - glpi_plugin_fields_ticketcontroldeactivos
2026-06-30 23:15:50 [7@p3plmcpnl508595.prod.phx3.secureserver.net]
Cambió el esquema de la base de datos - glpi_plugin_fields_ticketcontroldeactivos
2026-06-30 23:15:50 [7@p3plmcpnl508595.prod.phx3.secureserver.net]
Cambió el esquema de la base de datos - glpi_plugin_fields_ticketcontroldeactivos
2026-06-30 23:15:50 [7@p3plmcpnl508595.prod.phx3.secureserver.net]
Cambió el esquema de la base de datos - glpi_plugin_fields_ticketcontroldeenvios
2026-06-30 23:15:50 [7@p3plmcpnl508595.prod.phx3.secureserver.net]
Cambió el esquema de la base de datos - glpi_plugin_fields_ticketcontroldeenvios
2026-06-30 23:15:50 [7@p3plmcpnl508595.prod.phx3.secureserver.net]
Cambió el esquema de la base de datos - glpi_plugin_fields_ticketcontroldeenvios
2026-06-30 23:15:50 [7@p3plmcpnl508595.prod.phx3.secureserver.net]
Cambió el esquema de la base de datos - glpi_plugin_fields_ticketareasinternas
2026-06-30 23:15:50 [7@p3plmcpnl508595.prod.phx3.secureserver.net]
Cambió el esquema de la base de datos - glpi_plugin_fields_ticketareasinternas
2026-06-30 23:15:50 [7@p3plmcpnl508595.prod.phx3.secureserver.net]
Cambió el esquema de la base de datos - glpi_plugin_fields_ticketareasinternas
2026-06-30 23:15:50 [7@p3plmcpnl508595.prod.phx3.secureserver.net]
Cambió el esquema de la base de datos - glpi_plugin_fields_ticketareasinternas
2026-06-30 23:15:50 [7@p3plmcpnl508595.prod.phx3.secureserver.net]
Cambió el esquema de la base de datos - glpi_plugin_fields_fields
2026-06-30 23:15:50 [7@p3plmcpnl508595.prod.phx3.secureserver.net]
Cambió el esquema de la base de datos - glpi_plugin_fields_labeltranslations
2026-06-30 23:15:50 [7@p3plmcpnl508595.prod.phx3.secureserver.net]
Actualización a la versión 1.24.2 completada.
2026-06-30 23:15:50 [7@p3plmcpnl508595.prod.phx3.secureserver.net]
0 segundos for "Corregir los nombres de los campos"
2026-06-30 23:15:50 [7@p3plmcpnl508595.prod.phx3.secureserver.net]
Actualización a la versión 1.24.2 completada.
2026-06-30 23:15:50 [7@p3plmcpnl508595.prod.phx3.secureserver.net]
0 segundos for "Regenerar archivos de contenedores"
2026-06-30 23:15:50 [7@p3plmcpnl508595.prod.phx3.secureserver.net]
Actualización a la versión 1.24.2 completada.
2026-06-30 23:15:50 [7@p3plmcpnl508595.prod.phx3.secureserver.net]
0 segundos for "Actualización del contenedor de archivos generados"
2026-06-30 23:15:50 [7@p3plmcpnl508595.prod.phx3.secureserver.net]
Actualización a la versión 1.24.2 completada.
